// Jest Snapshot v1, https://goo.gl/fbAQLP

exports[`UrlShortener: dev stderr 1`] = `""`;

exports[`UrlShortener: init stderr 1`] = `""`;

exports[`UrlShortener: init stdout 1`] = `
"
> init
> prisma db push && prisma db seed

Environment variables loaded from .env
Prisma schema loaded from prisma/schema.prisma
Datasource \\"db\\": PostgreSQL database \\"url_shortener\\", schema \\"public\\" at \\"localhost:5401\\"

PostgreSQL database url_shortener created at localhost:5401

ðŸš€  Your database is now in sync with your schema. Done in XXXms

Running generate... (Use --skip-generate to skip the generators)
Running generate... - Prisma Client
âœ” Generated Prisma Client (3.12.0 | library) to ./node_modules/@prisma/client in
 XXXms

Environment variables loaded from .env
Running seed command \`ts-node prisma/seed\` ...

ðŸŒ±  The seed command has been executed."
`;
